<html>
<body>
<pre>
<h1>礦ision Build Log</h1>
<h2>Project:</h2>
D:\32代码\STM32_OLED_NRF(本店板子测试过)\MDK-Proj\STM32_OLED_NRF.uvproj
Project File Date:  12/19/2014

<h2>Output:</h2>
Rebuild target 'STM32_OLED'
compiling misc.c...
compiling stm32f10x_gpio.c...
compiling stm32f10x_i2c.c...
compiling stm32f10x_iwdg.c...
compiling stm32f10x_pwr.c...
compiling stm32f10x_rcc.c...
compiling stm32f10x_rtc.c...
compiling stm32f10x_sdio.c...
compiling stm32f10x_spi.c...
compiling stm32f10x_tim.c...
compiling stm32f10x_usart.c...
compiling stm32f10x_wwdg.c...
compiling stm32f10x_adc.c...
compiling stm32f10x_bkp.c...
compiling stm32f10x_can.c...
compiling stm32f10x_crc.c...
compiling stm32f10x_dac.c...
compiling stm32f10x_dbgmcu.c...
compiling stm32f10x_dma.c...
compiling stm32f10x_exti.c...
compiling stm32f10x_flash.c...
compiling stm32f10x_fsmc.c...
assembling startup_stm32f10x_hd.s...
compiling core_cm3.c...
compiling system_stm32f10x.c...
compiling main.c...
..\APP\main.c(258): warning:  #128-D: loop is not reachable
compiling stm32f10x_it.c...
compiling BSP_Config.c...
compiling send_DATA.c...
compiling CRC.c...
compiling oled.c...
compiling 24L01.c...
linking...
Program Size: Code=10004 RO-data=376 RW-data=304 ZI-data=864  
FromELF: creating hex file...
".\STM32_OLED.axf" - 0 Errors, 1 Warning(s).
Rebuild target 'STM32_OLED'
compiling misc.c...
compiling stm32f10x_gpio.c...
compiling stm32f10x_i2c.c...
compiling stm32f10x_iwdg.c...
compiling stm32f10x_pwr.c...
compiling stm32f10x_rcc.c...
compiling stm32f10x_rtc.c...
compiling stm32f10x_sdio.c...
compiling stm32f10x_spi.c...
compiling stm32f10x_tim.c...
compiling stm32f10x_usart.c...
compiling stm32f10x_wwdg.c...
compiling stm32f10x_adc.c...
compiling stm32f10x_bkp.c...
compiling stm32f10x_can.c...
compiling stm32f10x_crc.c...
compiling stm32f10x_dac.c...
compiling stm32f10x_dbgmcu.c...
compiling stm32f10x_dma.c...
compiling stm32f10x_exti.c...
compiling stm32f10x_flash.c...
compiling stm32f10x_fsmc.c...
assembling startup_stm32f10x_hd.s...
compiling core_cm3.c...
compiling system_stm32f10x.c...
compiling main.c...
..\APP\main.c(258): warning:  #128-D: loop is not reachable
compiling stm32f10x_it.c...
compiling BSP_Config.c...
compiling send_DATA.c...
compiling CRC.c...
compiling oled.c...
compiling 24L01.c...
linking...
Program Size: Code=10004 RO-data=376 RW-data=304 ZI-data=864  
FromELF: creating hex file...
".\STM32_OLED.axf" - 0 Errors, 1 Warning(s).
Rebuild target 'STM32_OLED'
compiling misc.c...
compiling stm32f10x_gpio.c...
compiling stm32f10x_i2c.c...
compiling stm32f10x_iwdg.c...
compiling stm32f10x_pwr.c...
compiling stm32f10x_rcc.c...
compiling stm32f10x_rtc.c...
compiling stm32f10x_sdio.c...
compiling stm32f10x_spi.c...
compiling stm32f10x_tim.c...
compiling stm32f10x_usart.c...
compiling stm32f10x_wwdg.c...
compiling stm32f10x_adc.c...
compiling stm32f10x_bkp.c...
compiling stm32f10x_can.c...
compiling stm32f10x_crc.c...
compiling stm32f10x_dac.c...
compiling stm32f10x_dbgmcu.c...
compiling stm32f10x_dma.c...
compiling stm32f10x_exti.c...
compiling stm32f10x_flash.c...
compiling stm32f10x_fsmc.c...
assembling startup_stm32f10x_hd.s...
compiling core_cm3.c...
compiling system_stm32f10x.c...
compiling main.c...
compiling stm32f10x_it.c...
compiling BSP_Config.c...
compiling send_DATA.c...
compiling CRC.c...
compiling oled.c...
compiling 24L01.c...
linking...
Program Size: Code=10140 RO-data=376 RW-data=304 ZI-data=864  
FromELF: creating hex file...
".\STM32_OLED.axf" - 0 Errors, 0 Warning(s).
Rebuild target 'STM32_OLED'
compiling misc.c...
compiling stm32f10x_gpio.c...
compiling stm32f10x_i2c.c...
compiling stm32f10x_iwdg.c...
compiling stm32f10x_pwr.c...
compiling stm32f10x_rcc.c...
compiling stm32f10x_rtc.c...
compiling stm32f10x_sdio.c...
compiling stm32f10x_spi.c...
compiling stm32f10x_tim.c...
compiling stm32f10x_usart.c...
compiling stm32f10x_wwdg.c...
compiling stm32f10x_adc.c...
compiling stm32f10x_bkp.c...
compiling stm32f10x_can.c...
compiling stm32f10x_crc.c...
compiling stm32f10x_dac.c...
compiling stm32f10x_dbgmcu.c...
compiling stm32f10x_dma.c...
compiling stm32f10x_exti.c...
compiling stm32f10x_flash.c...
compiling stm32f10x_fsmc.c...
assembling startup_stm32f10x_hd.s...
compiling core_cm3.c...
compiling system_stm32f10x.c...
compiling main.c...
compiling stm32f10x_it.c...
compiling BSP_Config.c...
compiling send_DATA.c...
compiling CRC.c...
compiling oled.c...
compiling 24L01.c...
linking...
Program Size: Code=10108 RO-data=376 RW-data=304 ZI-data=864  
FromELF: creating hex file...
".\STM32_OLED.axf" - 0 Errors, 0 Warning(s).
Rebuild target 'STM32_OLED'
compiling misc.c...
compiling stm32f10x_gpio.c...
compiling stm32f10x_i2c.c...
compiling stm32f10x_iwdg.c...
compiling stm32f10x_pwr.c...
compiling stm32f10x_rcc.c...
compiling stm32f10x_rtc.c...
compiling stm32f10x_sdio.c...
compiling stm32f10x_spi.c...
compiling stm32f10x_tim.c...
compiling stm32f10x_usart.c...
compiling stm32f10x_wwdg.c...
compiling stm32f10x_adc.c...
".\STM32_OLED.axf" - 0 Errors, 0 Warning(s).
Project build/rebuild aborted.
Rebuild target 'STM32_OLED'
compiling misc.c...
compiling stm32f10x_gpio.c...
compiling stm32f10x_i2c.c...
compiling stm32f10x_iwdg.c...
compiling stm32f10x_pwr.c...
compiling stm32f10x_rcc.c...
compiling stm32f10x_rtc.c...
compiling stm32f10x_sdio.c...
compiling stm32f10x_spi.c...
compiling stm32f10x_tim.c...
compiling stm32f10x_usart.c...
compiling stm32f10x_wwdg.c...
compiling stm32f10x_adc.c...
compiling stm32f10x_bkp.c...
compiling stm32f10x_can.c...
compiling stm32f10x_crc.c...
compiling stm32f10x_dac.c...
compiling stm32f10x_dbgmcu.c...
compiling stm32f10x_dma.c...
compiling stm32f10x_exti.c...
compiling stm32f10x_flash.c...
compiling stm32f10x_fsmc.c...
assembling startup_stm32f10x_hd.s...
compiling core_cm3.c...
compiling system_stm32f10x.c...
compiling main.c...
compiling stm32f10x_it.c...
compiling BSP_Config.c...
compiling send_DATA.c...
compiling CRC.c...
compiling oled.c...
compiling 24L01.c...
linking...
Program Size: Code=10108 RO-data=376 RW-data=304 ZI-data=864  
FromELF: creating hex file...
".\STM32_OLED.axf" - 0 Errors, 0 Warning(s).
Rebuild target 'STM32_OLED'
compiling misc.c...
compiling stm32f10x_gpio.c...
compiling stm32f10x_i2c.c...
compiling stm32f10x_iwdg.c...
compiling stm32f10x_pwr.c...
compiling stm32f10x_rcc.c...
compiling stm32f10x_rtc.c...
compiling stm32f10x_sdio.c...
compiling stm32f10x_spi.c...
compiling stm32f10x_tim.c...
compiling stm32f10x_usart.c...
compiling stm32f10x_wwdg.c...
compiling stm32f10x_adc.c...
compiling stm32f10x_bkp.c...
compiling stm32f10x_can.c...
compiling stm32f10x_crc.c...
compiling stm32f10x_dac.c...
compiling stm32f10x_dbgmcu.c...
compiling stm32f10x_dma.c...
compiling stm32f10x_exti.c...
compiling stm32f10x_flash.c...
compiling stm32f10x_fsmc.c...
assembling startup_stm32f10x_hd.s...
compiling core_cm3.c...
compiling system_stm32f10x.c...
compiling main.c...
compiling stm32f10x_it.c...
compiling BSP_Config.c...
compiling send_DATA.c...
compiling CRC.c...
compiling oled.c...
compiling 24L01.c...
linking...
Program Size: Code=10104 RO-data=376 RW-data=304 ZI-data=864  
FromELF: creating hex file...
".\STM32_OLED.axf" - 0 Errors, 0 Warning(s).
Rebuild target 'STM32_OLED'
compiling misc.c...
compiling stm32f10x_gpio.c...
compiling stm32f10x_i2c.c...
compiling stm32f10x_iwdg.c...
compiling stm32f10x_pwr.c...
compiling stm32f10x_rcc.c...
compiling stm32f10x_rtc.c...
compiling stm32f10x_sdio.c...
compiling stm32f10x_spi.c...
compiling stm32f10x_tim.c...
compiling stm32f10x_usart.c...
compiling stm32f10x_wwdg.c...
compiling stm32f10x_adc.c...
compiling stm32f10x_bkp.c...
compiling stm32f10x_can.c...
compiling stm32f10x_crc.c...
compiling stm32f10x_dac.c...
compiling stm32f10x_dbgmcu.c...
compiling stm32f10x_dma.c...
compiling stm32f10x_exti.c...
compiling stm32f10x_flash.c...
compiling stm32f10x_fsmc.c...
assembling startup_stm32f10x_hd.s...
compiling core_cm3.c...
compiling system_stm32f10x.c...
compiling main.c...
compiling stm32f10x_it.c...
compiling BSP_Config.c...
compiling send_DATA.c...
compiling CRC.c...
compiling oled.c...
compiling 24L01.c...
linking...
Program Size: Code=10104 RO-data=376 RW-data=304 ZI-data=864  
FromELF: creating hex file...
".\STM32_OLED.axf" - 0 Errors, 0 Warning(s).
Rebuild target 'STM32_OLED'
compiling misc.c...
compiling stm32f10x_gpio.c...
compiling stm32f10x_i2c.c...
compiling stm32f10x_iwdg.c...
compiling stm32f10x_pwr.c...
compiling stm32f10x_rcc.c...
compiling stm32f10x_rtc.c...
compiling stm32f10x_sdio.c...
compiling stm32f10x_spi.c...
compiling stm32f10x_tim.c...
compiling stm32f10x_usart.c...
compiling stm32f10x_wwdg.c...
compiling stm32f10x_adc.c...
compiling stm32f10x_bkp.c...
compiling stm32f10x_can.c...
compiling stm32f10x_crc.c...
compiling stm32f10x_dac.c...
compiling stm32f10x_dbgmcu.c...
compiling stm32f10x_dma.c...
compiling stm32f10x_exti.c...
compiling stm32f10x_flash.c...
compiling stm32f10x_fsmc.c...
assembling startup_stm32f10x_hd.s...
compiling core_cm3.c...
compiling system_stm32f10x.c...
compiling main.c...
compiling stm32f10x_it.c...
compiling BSP_Config.c...
compiling send_DATA.c...
compiling CRC.c...
compiling oled.c...
compiling 24L01.c...
linking...
Program Size: Code=10104 RO-data=376 RW-data=304 ZI-data=864  
FromELF: creating hex file...
".\STM32_OLED.axf" - 0 Errors, 0 Warning(s).
